// Jest Snapshot v1, https://goo.gl/fbAQLP

exports[`should render the AddEventPage correctly 1`] = `
<div
  class="container-fluid"
>
  <div
    class="pt-3 row justify-content-center"
  >
    <div
      class="col-md-6"
    >
      <div
        class="card"
      >
        <div
          class="card-header"
        >
          <h4
            class="mb-0"
          >
            Add a cleaning
          </h4>
        </div>
        <div
          class="card-body"
        >
          <Connect(AddEventForm)
            handleSubmit={[Function]}
            history={
              Object {
                "push": [MockFunction],
              }
            }
          />
        </div>
      </div>
    </div>
  </div>
</div>
`;
