// Jest Snapshot v1, https://goo.gl/fbAQLP

exports[`should render Appluo correctly 1`] = `
<div>
  <Connect(EventsList) />
</div>
`;
