// Jest Snapshot v1, https://goo.gl/fbAQLP

exports[`should render the CommentAddForm correctly 1`] = `
<div
  class="pt-3"
>
  <form
    onSubmit={[Function]}
  >
    <div
      class="form-group"
    >
      <textarea
        class="form-control bg-light"
        name="commentBody"
        onChange={[Function]}
        placeholder="Add your comment"
        value=""
      />
    </div>
    <div
      class="form-group"
    >
      <button
        class="btn btn-secondary"
      >
        Add Comment
      </button>
    </div>
  </form>
</div>
`;
