// Jest Snapshot v1, https://goo.gl/fbAQLP

exports[`Should render CommentListItem correctly 1`] = `""`;
